// Jest Snapshot v1, https://goo.gl/fbAQLP

exports[`<Dropdown /> Component matches the snapshot 1`] = `
<div
  className="sc-bZQynM sc-dnqmqq bKVrRA"
>
  <div
    className="sc-htoDjs fRSDcx"
  >
    Order Type
  </div>
  <div
    className="sc-gzVnrw gFKKaX"
  >
    Market Order
  </div>
  <div
    className="sc-gzVnrw gFKKaX"
  >
    Limit Order
  </div>
  <div
    className="sc-gzVnrw gFKKaX"
  >
    Stop Loss Order
  </div>
  <div
    className="sc-gzVnrw gFKKaX"
  >
    Stop Limit Order
  </div>
  <div
    className="sc-gzVnrw gFKKaX"
  >
    Trailing Stop Order
  </div>
</div>
`;
