// Jest Snapshot v1, https://goo.gl/fbAQLP

exports[`<MarketOrder /> component matches the snapshot 1`] = `
Array [
  <div
    className="sc-bxivhb cyWHkv"
  >
    <label
      className="sc-bwzfXH dbwzZe"
    >
      Shares
    </label>
    <input
      className="sc-bdVaJa eqHRdS"
      onChange={[Function]}
      placeholder="0"
      type="number"
    />
  </div>,
  <div
    className="sc-bxivhb cyWHkv"
  >
    <span
      className="sc-ifAKCX bNpiVu"
    >
      Market Price
    </span>
    <span
      className="sc-EHOje cANiii"
    >
      $
    </span>
  </div>,
]
`;
