// Jest Snapshot v1, https://goo.gl/fbAQLP

exports[`<StopLimitOrder /> Component matches the snapshot 1`] = `
Array [
  <div
    className="sc-bxivhb cyWHkv"
  >
    <label
      className="sc-bwzfXH dbwzZe"
    >
      Stop Price
    </label>
    <input
      className="sc-bdVaJa sc-htpNat dFFWgj"
      name="stopPrice"
      onChange={[Function]}
      placeholder="$0.00"
      step=".01"
      type="number"
    />
  </div>,
  <div
    className="sc-bxivhb cyWHkv"
  >
    <label
      className="sc-bwzfXH dbwzZe"
    >
      Limit Price
    </label>
    <input
      className="sc-bdVaJa sc-htpNat dFFWgj"
      name="limitPrice"
      onChange={[Function]}
      placeholder="$0.00"
      step=".01"
      type="number"
    />
  </div>,
  <div
    className="sc-bxivhb cyWHkv"
  >
    <label
      className="sc-bwzfXH dbwzZe"
    >
      Shares
    </label>
    <input
      className="sc-bdVaJa sc-htpNat dFFWgj"
      name="shares"
      onChange={[Function]}
      placeholder="0"
      type="number"
    />
  </div>,
  <div
    className="sc-bxivhb cyWHkv"
  >
    <label
      className="sc-bwzfXH dbwzZe"
    >
      Expires
    </label>
    <div
      className="sc-iwsKbI bbqNLX"
      onClick={[Function]}
    >
      Good for Day
    </div>
  </div>,
]
`;
