// Jest Snapshot v1, https://goo.gl/fbAQLP

exports[`<TrailingStopOrder /> Component matches the snapshot 1`] = `
Array [
  <div
    className="sc-bxivhb cyWHkv"
  >
    <label
      className="sc-bwzfXH dbwzZe"
    >
      Trail Type
    </label>
    <div
      className="sc-htoDjs gmNRED"
      onClick={[Function]}
    >
      Percentage
    </div>
  </div>,
  <div
    className="sc-bxivhb cyWHkv"
  >
    <label
      className="sc-bwzfXH dbwzZe"
    >
      Trail (
      %
      )
    </label>
    <input
      className="sc-bdVaJa sc-htpNat dFFWgj"
      name="trail"
      onChange={[Function]}
      step=".01"
      type="number"
      value={0}
    />
  </div>,
  <div
    className="sc-bxivhb cyWHkv"
  >
    <label
      className="sc-bwzfXH dbwzZe"
    >
      Shares
    </label>
    <input
      className="sc-bdVaJa sc-htpNat dFFWgj"
      name="shares"
      onChange={[Function]}
      placeholder="0"
      type="number"
      value={0}
    />
  </div>,
  <div
    className="sc-bxivhb cyWHkv"
  >
    <label
      className="sc-bwzfXH dbwzZe"
    >
      Expires
    </label>
    <div
      className="sc-htoDjs gmNRED"
      onClick={[Function]}
    >
      Good for Day
    </div>
  </div>,
]
`;
